               
               
┌─────────────┐
│ Scan Status │
└─────────────┘
  Scanning 31 files tracked by git with 118 Code rules:
                                                                                                                        
  Language      Rules   Files          Origin      Rules                                                                
 ─────────────────────────────        ───────────────────                                                               
  <multilang>      17      31          Community     118                                                                
  js                9      29                                                                                           
                                                                                                                        
                
                
┌──────────────┐
│ Scan Summary │
└──────────────┘
✅ Scan completed successfully.
 • Findings: 0 (0 blocking)
 • Rules run: 26
 • Targets scanned: 31
 • Parsed lines: ~100.0%
 • No ignore information available
Ran 26 rules on 31 files: 0 findings.
(need more rules? `semgrep login` for additional free Semgrep Registry rules)

If Semgrep missed a finding, please send us feedback to let us know!
See https://semgrep.dev/docs/reporting-false-negatives/
