               
               
┌─────────────┐
│ Scan Status │
└─────────────┘
  Scanning 31 files tracked by git with 213 Code rules:
                                                                                                                        
  Language      Rules   Files          Origin      Rules                                                                
 ─────────────────────────────        ───────────────────                                                               
  <multilang>       3      31          Community     213                                                                
  js               38      29                                                                                           
                                                                                                                        
                
                
┌──────────────┐
│ Scan Summary │
└──────────────┘
✅ Scan completed successfully.
 • Findings: 0 (0 blocking)
 • Rules run: 41
 • Targets scanned: 31
 • Parsed lines: ~100.0%
 • No ignore information available
Ran 41 rules on 31 files: 0 findings.
(need more rules? `semgrep login` for additional free Semgrep Registry rules)

If Semgrep missed a finding, please send us feedback to let us know!
See https://semgrep.dev/docs/reporting-false-negatives/
